// Jest Snapshot v1, https://goo.gl/fbAQLP

exports[`RadioButton default with empth props 1`] = `
.c0 {
  width: -webkit-max-content;
  width: -moz-max-content;
  width: max-content;
  height: -webkit-max-content;
  height: -moz-max-content;
  height: max-content;
  background-color: #ffffff;
}

<div
  class="c0"
/>
`;

exports[`RadioButton default with empth props 2`] = `
.c1 {
  display: -webkit-box;
  display: -webkit-flex;
  display: -ms-flexbox;
  display: flex;
  -webkit-align-items: center;
  -webkit-box-align: center;
  -ms-flex-align: center;
  align-items: center;
  cursor: pointer;
}

.c2 {
  box-sizing: border-box;
  padding: 0;
  position: absolute;
  z-index: -1;
  opacity: 0;
  overflow: visible;
}

.c3 {
  display: inline-block;
  box-sizing: border-box;
  color: #5a6169;
  width: 1.125rem;
  border-radius: 50%;
  height: 1.125rem;
  background-color: #ffffff;
  border: 1px solid #e1e5eb;
  -webkit-transition: all 250ms cubic-bezier(0.27,0.01,0.38,1.06);
  transition: all 250ms cubic-bezier(0.27,0.01,0.38,1.06);
  box-shadow: none;
}

input:checked + .c3 {
  border: 5px solid #007bff;
}

input[type='radio'][checked][disabled] + .c3 {
  background-color: #5a6169;
  border: 5px solid #e9ecef;
}

input:disabled + .c3 {
  background-color: #e9ecef;
}

.c4 {
  margin-left: 5px;
  color: #5a6169;
}

input:disabled ~ .c4 {
  opacity: 0.7;
  color: #5a6169;
}

.c0 {
  width: -webkit-max-content;
  width: -moz-max-content;
  width: max-content;
  height: -webkit-max-content;
  height: -moz-max-content;
  height: max-content;
  background-color: #ffffff;
}

<div
  class="c0"
>
  <label
    checked=""
    class="c1"
  >
    <input
      checked=""
      class="c2"
      type="radio"
      value="value1"
    />
    <span
      class="c3"
    />
    <span
      class="c4"
    >
      Title1
    </span>
  </label>
  <label
    checked=""
    class="c1"
  >
    <input
      checked=""
      class="c2"
      type="radio"
      value="value2"
    />
    <span
      class="c3"
    />
    <span
      class="c4"
    >
      Title2
    </span>
  </label>
</div>
`;
