// Jest Snapshot v1, https://goo.gl/fbAQLP

exports[`Switch snapshot 1`] = `
.c0 {
  display: -webkit-box;
  display: -webkit-flex;
  display: -ms-flexbox;
  display: flex;
  -webkit-flex-direction: row;
  -ms-flex-direction: row;
  flex-direction: row;
  -webkit-align-items: center;
  -webkit-box-align: center;
  -ms-flex-align: center;
  align-items: center;
  cursor: pointer;
}

.c0:active > div > div {
  width: 1rem;
  left: 0.1875rem;
}

.c0:active > div {
  box-shadow: none;
}

.c1 {
  background-color: #ffffff;
  border-radius: 100px;
  border: .0625rem solid #e1e5eb;
  width: 2.1875rem;
  height: 1.125rem;
  position: relative;
  display: -webkit-box;
  display: -webkit-flex;
  display: -ms-flexbox;
  display: flex;
  -webkit-align-items: center;
  -webkit-box-align: center;
  -ms-flex-align: center;
  align-items: center;
  margin-right: 5px;
  -webkit-transition: 0.3s;
  transition: 0.3s;
  outline: none;
  box-shadow: 0 3px 8px 1px rgba(0,0,0,.2);
}

.c2 {
  content: '';
  position: absolute;
  left: 0.1875rem;
  width: .75rem;
  height: .75rem;
  background-color: #e1e5eb;
  border-radius: 6.25rem;
  -webkit-transition: 0.2s ease-in-out;
  transition: 0.2s ease-in-out;
}

<div
  class="c0"
>
  <div
    class="c1"
  >
    <div
      class="c2"
    />
  </div>
</div>
`;
