// Jest Snapshot v1, https://goo.gl/fbAQLP

exports[`<DoubleSlider /> shallow contain range and two controllers 1`] = `
.c1 {
  position: relative;
  box-sizing: border-box;
  width: 100%;
  height: 5px;
  background: #eceeef;
  border-radius: 5px;
  box-shadow: inset 0 1px 2px rgba(90,97,105,0.1);
}

.c2 {
  position: absolute;
  top: 0;
  left: 38px;
  right: 220px;
  height: 5px;
  border-radius: 5px;
  background-color: #007bff;
}

.c3 {
  position: absolute;
  top: 0;
  left: 0;
  -webkit-transform: translateX(38px);
  -ms-transform: translateX(38px);
  transform: translateX(38px);
}

.c5 {
  position: absolute;
  top: 0;
  left: 0;
  -webkit-transform: translateX(75px);
  -ms-transform: translateX(75px);
  transform: translateX(75px);
}

.c4 {
  position: absolute;
  top: 0;
  left: 0;
  width: 21px;
  height: 21px;
  border-radius: 50%;
  background-color: #fff;
  border: 1px solid #e7e9ea;
  -webkit-transition: 250ms;
  transition: 250ms;
  width: 21px;
  height: 21px;
  -webkit-transform: translate(-15%,-8px);
  -ms-transform: translate(-15%,-8px);
  transform: translate(-15%,-8px);
  box-shadow: 0 3px 15px rgba(90,97,105,.1),0 2px 3px rgba(90,97,105,.2);
}

.c4:active {
  cursor: -webkit-grabbing;
  cursor: -moz-grabbing;
  cursor: grabbing;
}

.c4:focus {
  outline: none;
  box-shadow: 0 0 7px rgba(0,123,255,.65),0 3px 15px rgba(90,97,105,.1),0 2px 3px rgba(90,97,105,.2);
}

.c0 {
  position: relative;
  margin: 35px 0;
  width: 300px;
}

<div
  class="c0"
>
  <div
    class="c1"
  >
    <div
      class="c2"
    />
  </div>
  <div
    class="c3"
    data-test="controller-wrapper"
  >
    <div
      class="c4"
      data-test="controller-button"
      tabindex="0"
    />
  </div>
  <div
    class="c5"
    data-test="controller-wrapper"
  >
    <div
      class="c4"
      data-test="controller-button"
      tabindex="0"
    />
  </div>
</div>
`;
