// Jest Snapshot v1, https://goo.gl/fbAQLP

exports[`Routes snapshot 1`] = `
<Switch>
  <Route
    component={[Function]}
    exact={true}
    key="/"
    path="/"
  />
  <Route
    component={[Function]}
    exact={true}
    key="/error"
    path="/error"
  />
</Switch>
`;
